Archive member included to satisfy reference by file (symbol)

C:/ST/STM32CubeIDE_1.13.2/STM32CubeIDE/plugins/com.st.stm32cube.ide.mcu.externaltools.gnu-tools-for-stm32.11.3.rel1.win32_1.1.1.202309131626/tools/bin/../lib/gcc/arm-none-eabi/11.3.1/../../../../arm-none-eabi/lib/thumb/v7e-m+fp/hard\libc_nano.a(libc_a-exit.o)
                              C:/ST/STM32CubeIDE_1.13.2/STM32CubeIDE/plugins/com.st.stm32cube.ide.mcu.externaltools.gnu-tools-for-stm32.11.3.rel1.win32_1.1.1.202309131626/tools/bin/../lib/gcc/arm-none-eabi/11.3.1/../../../../arm-none-eabi/lib/thumb/v7e-m+fp/hard/crt0.o (exit)
C:/ST/STM32CubeIDE_1.13.2/STM32CubeIDE/plugins/com.st.stm32cube.ide.mcu.externaltools.gnu-tools-for-stm32.11.3.rel1.win32_1.1.1.202309131626/tools/bin/../lib/gcc/arm-none-eabi/11.3.1/../../../../arm-none-eabi/lib/thumb/v7e-m+fp/hard\libc_nano.a(libc_a-findfp.o)
                              C:/ST/STM32CubeIDE_1.13.2/STM32CubeIDE/plugins/com.st.stm32cube.ide.mcu.externaltools.gnu-tools-for-stm32.11.3.rel1.win32_1.1.1.202309131626/tools/bin/../lib/gcc/arm-none-eabi/11.3.1/../../../../arm-none-eabi/lib/thumb/v7e-m+fp/hard\libc_nano.a(libc_a-exit.o) (__stdio_exit_handler)
C:/ST/STM32CubeIDE_1.13.2/STM32CubeIDE/plugins/com.st.stm32cube.ide.mcu.externaltools.gnu-tools-for-stm32.11.3.rel1.win32_1.1.1.202309131626/tools/bin/../lib/gcc/arm-none-eabi/11.3.1/../../../../arm-none-eabi/lib/thumb/v7e-m+fp/hard\libc_nano.a(libc_a-fwalk.o)
                              C:/ST/STM32CubeIDE_1.13.2/STM32CubeIDE/plugins/com.st.stm32cube.ide.mcu.externaltools.gnu-tools-for-stm32.11.3.rel1.win32_1.1.1.202309131626/tools/bin/../lib/gcc/arm-none-eabi/11.3.1/../../../../arm-none-eabi/lib/thumb/v7e-m+fp/hard\libc_nano.a(libc_a-findfp.o) (_fwalk_sglue)
C:/ST/STM32CubeIDE_1.13.2/STM32CubeIDE/plugins/com.st.stm32cube.ide.mcu.externaltools.gnu-tools-for-stm32.11.3.rel1.win32_1.1.1.202309131626/tools/bin/../lib/gcc/arm-none-eabi/11.3.1/../../../../arm-none-eabi/lib/thumb/v7e-m+fp/hard\libc_nano.a(libc_a-stdio.o)
                              C:/ST/STM32CubeIDE_1.13.2/STM32CubeIDE/plugins/com.st.stm32cube.ide.mcu.externaltools.gnu-tools-for-stm32.11.3.rel1.win32_1.1.1.202309131626/tools/bin/../lib/gcc/arm-none-eabi/11.3.1/../../../../arm-none-eabi/lib/thumb/v7e-m+fp/hard\libc_nano.a(libc_a-findfp.o) (__sread)
C:/ST/STM32CubeIDE_1.13.2/STM32CubeIDE/plugins/com.st.stm32cube.ide.mcu.externaltools.gnu-tools-for-stm32.11.3.rel1.win32_1.1.1.202309131626/tools/bin/../lib/gcc/arm-none-eabi/11.3.1/../../../../arm-none-eabi/lib/thumb/v7e-m+fp/hard\libc_nano.a(libc_a-memset.o)
                              C:/ST/STM32CubeIDE_1.13.2/STM32CubeIDE/plugins/com.st.stm32cube.ide.mcu.externaltools.gnu-tools-for-stm32.11.3.rel1.win32_1.1.1.202309131626/tools/bin/../lib/gcc/arm-none-eabi/11.3.1/../../../../arm-none-eabi/lib/thumb/v7e-m+fp/hard/crt0.o (memset)
C:/ST/STM32CubeIDE_1.13.2/STM32CubeIDE/plugins/com.st.stm32cube.ide.mcu.externaltools.gnu-tools-for-stm32.11.3.rel1.win32_1.1.1.202309131626/tools/bin/../lib/gcc/arm-none-eabi/11.3.1/../../../../arm-none-eabi/lib/thumb/v7e-m+fp/hard\libc_nano.a(libc_a-closer.o)
                              C:/ST/STM32CubeIDE_1.13.2/STM32CubeIDE/plugins/com.st.stm32cube.ide.mcu.externaltools.gnu-tools-for-stm32.11.3.rel1.win32_1.1.1.202309131626/tools/bin/../lib/gcc/arm-none-eabi/11.3.1/../../../../arm-none-eabi/lib/thumb/v7e-m+fp/hard\libc_nano.a(libc_a-stdio.o) (_close_r)
C:/ST/STM32CubeIDE_1.13.2/STM32CubeIDE/plugins/com.st.stm32cube.ide.mcu.externaltools.gnu-tools-for-stm32.11.3.rel1.win32_1.1.1.202309131626/tools/bin/../lib/gcc/arm-none-eabi/11.3.1/../../../../arm-none-eabi/lib/thumb/v7e-m+fp/hard\libc_nano.a(libc_a-reent.o)
                              C:/ST/STM32CubeIDE_1.13.2/STM32CubeIDE/plugins/com.st.stm32cube.ide.mcu.externaltools.gnu-tools-for-stm32.11.3.rel1.win32_1.1.1.202309131626/tools/bin/../lib/gcc/arm-none-eabi/11.3.1/../../../../arm-none-eabi/lib/thumb/v7e-m+fp/hard\libc_nano.a(libc_a-closer.o) (errno)
C:/ST/STM32CubeIDE_1.13.2/STM32CubeIDE/plugins/com.st.stm32cube.ide.mcu.externaltools.gnu-tools-for-stm32.11.3.rel1.win32_1.1.1.202309131626/tools/bin/../lib/gcc/arm-none-eabi/11.3.1/../../../../arm-none-eabi/lib/thumb/v7e-m+fp/hard\libc_nano.a(libc_a-impure.o)
                              C:/ST/STM32CubeIDE_1.13.2/STM32CubeIDE/plugins/com.st.stm32cube.ide.mcu.externaltools.gnu-tools-for-stm32.11.3.rel1.win32_1.1.1.202309131626/tools/bin/../lib/gcc/arm-none-eabi/11.3.1/../../../../arm-none-eabi/lib/thumb/v7e-m+fp/hard\libc_nano.a(libc_a-reent.o) (_impure_ptr)
C:/ST/STM32CubeIDE_1.13.2/STM32CubeIDE/plugins/com.st.stm32cube.ide.mcu.externaltools.gnu-tools-for-stm32.11.3.rel1.win32_1.1.1.202309131626/tools/bin/../lib/gcc/arm-none-eabi/11.3.1/../../../../arm-none-eabi/lib/thumb/v7e-m+fp/hard\libc_nano.a(libc_a-lseekr.o)
[...]
Memory Configuration

Name             Origin             Length             Attributes
RAM              0x0000000020000000 0x0000000000020000 xrw
FLASH            0x0000000008000000 0x0000000000080000 xr
*default*        0x0000000000000000 0xffffffffffffffff

Linker script and memory map

LOAD C:/ST/STM32CubeIDE_1.13.2/STM32CubeIDE/plugins/com.st.stm32cube.ide.mcu.externaltools.gnu-tools-for-stm32.11.3.rel1.win32_1.1.1.202309131626/tools/bin/../lib/gcc/arm-none-eabi/11.3.1/thumb/v7e-m+fp/hard/crti.o
LOAD C:/ST/STM32CubeIDE_1.13.2/STM32CubeIDE/plugins/com.st.stm32cube.ide.mcu.externaltools.gnu-tools-for-stm32.11.3.rel1.win32_1.1.1.202309131626/tools/bin/../lib/gcc/arm-none-eabi/11.3.1/thumb/v7e-m+fp/hard/crtbegin.o
LOAD C:/ST/STM32CubeIDE_1.13.2/STM32CubeIDE/plugins/com.st.stm32cube.ide.mcu.externaltools.gnu-tools-for-stm32.11.3.rel1.win32_1.1.1.202309131626/tools/bin/../lib/gcc/arm-none-eabi/11.3.1/../../../../arm-none-eabi/lib/thumb/v7e-m+fp/hard/crt0.o
LOAD ./Core/Src/main.o
LOAD ./Core/Src/syscalls.o
LOAD ./Core/Src/sysmem.o
LOAD ./Core/Src/system_stm32f4xx.o
LOAD ./Middleware/ThirdParty/FreeRTOS/Source/croutine.o
LOAD ./Middleware/ThirdParty/FreeRTOS/Source/event_groups.o
LOAD ./Middleware/ThirdParty/FreeRTOS/Source/list.o
LOAD ./Middleware/ThirdParty/FreeRTOS/Source/queue.o
LOAD ./Middleware/ThirdParty/FreeRTOS/Source/stream_buffer.o
LOAD ./Middleware/ThirdParty/FreeRTOS/Source/tasks.o
LOAD ./Middleware/ThirdParty/FreeRTOS/Source/timers.o
LOAD ./Middleware/ThirdParty/FreeRTOS/Source/portable/GCC/ARM_CM4F/port.o
LOAD ./Middleware/ThirdParty/FreeRTOS/Source/portable/MemMang/heap_4.o
LOAD ./Peripherals/Src/flash.o
LOAD ./Peripherals/Src/rcc.o
LOAD ./Startup/startup_stm32f411vetx.o
START GROUP
LOAD C:/ST/STM32CubeIDE_1.13.2/STM32CubeIDE/plugins/com.st.stm32cube.ide.mcu.externaltools.gnu-tools-for-stm32.11.3.rel1.win32_1.1.1.202309131626/tools/bin/../lib/gcc/arm-none-eabi/11.3.1/../../../../arm-none-eabi/lib/thumb/v7e-m+fp/hard\libc_nano.a
LOAD C:/ST/STM32CubeIDE_1.13.2/STM32CubeIDE/plugins/com.st.stm32cube.ide.mcu.externaltools.gnu-tools-for-stm32.11.3.rel1.win32_1.1.1.202309131626/tools/bin/../lib/gcc/arm-none-eabi/11.3.1/../../../../arm-none-eabi/lib/thumb/v7e-m+fp/hard\libm.a
END GROUP
START GROUP
LOAD C:/ST/STM32CubeIDE_1.13.2/STM32CubeIDE/plugins/com.st.stm32cube.ide.mcu.externaltools.gnu-tools-for-stm32.11.3.rel1.win32_1.1.1.202309131626/tools/bin/../lib/gcc/arm-none-eabi/11.3.1/thumb/v7e-m+fp/hard\libgcc.a
LOAD C:/ST/STM32CubeIDE_1.13.2/STM32CubeIDE/plugins/com.st.stm32cube.ide.mcu.externaltools.gnu-tools-for-stm32.11.3.rel1.win32_1.1.1.202309131626/tools/bin/../lib/gcc/arm-none-eabi/11.3.1/../../../../arm-none-eabi/lib/thumb/v7e-m+fp/hard\libc_nano.a
END GROUP
START GROUP
LOAD C:/ST/STM32CubeIDE_1.13.2/STM32CubeIDE/plugins/com.st.stm32cube.ide.mcu.externaltools.gnu-tools-for-stm32.11.3.rel1.win32_1.1.1.202309131626/tools/bin/../lib/gcc/arm-none-eabi/11.3.1/thumb/v7e-m+fp/hard\libgcc.a
LOAD C:/ST/STM32CubeIDE_1.13.2/STM32CubeIDE/plugins/com.st.stm32cube.ide.mcu.externaltools.gnu-tools-for-stm32.11.3.rel1.win32_1.1.1.202309131626/tools/bin/../lib/gcc/arm-none-eabi/11.3.1/../../../../arm-none-eabi/lib/thumb/v7e-m+fp/hard\libc_nano.a
LOAD C:/ST/STM32CubeIDE_1.13.2/STM32CubeIDE/plugins/com.st.stm32cube.ide.mcu.externaltools.gnu-tools-for-stm32.11.3.rel1.win32_1.1.1.202309131626/tools/bin/../lib/gcc/arm-none-eabi/11.3.1/../../../../arm-none-eabi/lib/thumb/v7e-m+fp/hard\libnosys.a
END GROUP
START GROUP
LOAD C:/ST/STM32CubeIDE_1.13.2/STM32CubeIDE/plugins/com.st.stm32cube.ide.mcu.externaltools.gnu-tools-for-stm32.11.3.rel1.win32_1.1.1.202309131626/tools/bin/../lib/gcc/arm-none-eabi/11.3.1/thumb/v7e-m+fp/hard\libgcc.a
LOAD C:/ST/STM32CubeIDE_1.13.2/STM32CubeIDE/plugins/com.st.stm32cube.ide.mcu.externaltools.gnu-tools-for-stm32.11.3.rel1.win32_1.1.1.202309131626/tools/bin/../lib/gcc/arm-none-eabi/11.3.1/../../../../arm-none-eabi/lib/thumb/v7e-m+fp/hard\libc_nano.a
LOAD C:/ST/STM32CubeIDE_1.13.2/STM32CubeIDE/plugins/com.st.stm32cube.ide.mcu.externaltools.gnu-tools-for-stm32.11.3.rel1.win32_1.1.1.202309131626/tools/bin/../lib/gcc/arm-none-eabi/11.3.1/../../../../arm-none-eabi/lib/thumb/v7e-m+fp/hard\libnosys.a
END GROUP
LOAD C:/ST/STM32CubeIDE_1.13.2/STM32CubeIDE/plugins/com.st.stm32cube.ide.mcu.externaltools.gnu-tools-for-stm32.11.3.rel1.win32_1.1.1.202309131626/tools/bin/../lib/gcc/arm-none-eabi/11.3.1/thumb/v7e-m+fp/hard/crtend.o
LOAD C:/ST/STM32CubeIDE_1.13.2/STM32CubeIDE/plugins/com.st.stm32cube.ide.mcu.externaltools.gnu-tools-for-stm32.11.3.rel1.win32_1.1.1.202309131626/tools/bin/../lib/gcc/arm-none-eabi/11.3.1/thumb/v7e-m+fp/hard/crtn.o
                0x0000000020020000                _estack = (ORIGIN (RAM) + LENGTH (RAM))
                0x0000000000000200                _Min_Heap_Size = 0x200
                0x0000000000000400                _Min_Stack_Size = 0x400

.isr_vector     0x0000000008000000      0x198
                0x0000000008000000                . = ALIGN (0x4)
 *(.isr_vector)
 .isr_vector    0x0000000008000000      0x198 ./Startup/startup_stm32f411vetx.o
                0x0000000008000000                g_pfnVectors
                0x0000000008000198                . = ALIGN (0x4)

.text           0x00000000080001a0     0x1fc4
                0x00000000080001a0                . = ALIGN (0x4)
 *(.text)
 .text          0x00000000080001a0       0x40 C:/ST/STM32CubeIDE_1.13.2/STM32CubeIDE/plugins/com.st.stm32cube.ide.mcu.externaltools.gnu-tools-for-stm32.11.3.rel1.win32_1.1.1.202309131626/tools/bin/../lib/gcc/arm-none-eabi/11.3.1/thumb/v7e-m+fp/hard/crtbegin.o
 .text          0x00000000080001e0       0x30 C:/ST/STM32CubeIDE_1.13.2/STM32CubeIDE/plugins/com.st.stm32cube.ide.mcu.externaltools.gnu-tools-for-stm32.11.3.rel1.win32_1.1.1.202309131626/tools/bin/../lib/gcc/arm-none-eabi/11.3.1/thumb/v7e-m+fp/hard\libgcc.a(_aeabi_uldivmod.o)
                0x00000000080001e0                __aeabi_uldivmod
 .text          0x0000000008000210      0x2c8 C:/ST/STM32CubeIDE_1.13.2/STM32CubeIDE/plugins/com.st.stm32cube.ide.mcu.externaltools.gnu-tools-for-stm32.11.3.rel1.win32_1.1.1.202309131626/tools/bin/../lib/gcc/arm-none-eabi/11.3.1/thumb/v7e-m+fp/hard\libgcc.a(_udivmoddi4.o)
                0x0000000008000210                __udivmoddi4
 .text          0x00000000080004d8        0x4 C:/ST/STM32CubeIDE_1.13.2/STM32CubeIDE/plugins/com.st.stm32cube.ide.mcu.externaltools.gnu-tools-for-stm32.11.3.rel1.win32_1.1.1.202309131626/tools/bin/../lib/gcc/arm-none-eabi/11.3.1/thumb/v7e-m+fp/hard\libgcc.a(_dvmd_tls.o)
                0x00000000080004d8                __aeabi_idiv0
                0x00000000080004d8                __aeabi_ldiv0
 *(.text*)
 .text.main     0x00000000080004dc       0x40 ./Core/Src/main.o
                0x00000000080004dc                main
 .text.startup_task
                0x000000000800051c       0x16 ./Core/Src/main.o
 *fill*         0x0000000008000532        0x2 
 .text.startup  0x0000000008000534       0x48 ./Core/Src/main.o
 .text.SystemInit
                0x000000000800057c       0x6c ./Core/Src/system_stm32f4xx.o
                0x000000000800057c                SystemInit
 .text.SystemCoreClockUpdate
                0x00000000080005e8      0x100 ./Core/Src/system_stm32f4xx.o
                0x00000000080005e8                SystemCoreClockUpdate
 .text.vListInitialise
                0x00000000080006e8       0x40 ./Middleware/ThirdParty/FreeRTOS/Source/list.o
                0x00000000080006e8                vListInitialise
 .text.vListInitialiseItem
                0x0000000008000728       0x1a ./Middleware/ThirdParty/FreeRTOS/Source/list.o
                0x0000000008000728                vListInitialiseItem
 .text.vListInsertEnd
                0x0000000008000742       0x48 ./Middleware/ThirdParty/FreeRTOS/Source/list.o
                0x0000000008000742                vListInsertEnd
 .text.uxListRemove
                0x000000000800078a       0x54 ./Middleware/ThirdParty/FreeRTOS/Source/list.o
                0x000000000800078a                uxListRemove
 .text.xTaskCreate
                0x00000000080007de       0x8c ./Middleware/ThirdParty/FreeRTOS/Source/tasks.o
                0x00000000080007de                xTaskCreate
 .text.prvInitialiseNewTask
                0x000000000800086a      0x122 ./Middleware/ThirdParty/FreeRTOS/Source/tasks.o
 .text.prvAddNewTaskToReadyList
                0x000000000800098c      0x12c ./Middleware/ThirdParty/FreeRTOS/Source/tasks.o
 .text.vTaskDelete
                0x0000000008000ab8      0x128 ./Middleware/ThirdParty/FreeRTOS/Source/tasks.o
                0x0000000008000ab8                vTaskDelete
 .text.vTaskStartScheduler
                0x0000000008000be0       0x98 ./Middleware/ThirdParty/FreeRTOS/Source/tasks.o
                0x0000000008000be0                vTaskStartScheduler
 .text.vTaskSuspendAll
                0x0000000008000c78       0x1c ./Middleware/ThirdParty/FreeRTOS/Source/tasks.o
                0x0000000008000c78                vTaskSuspendAll
 .text.xTaskResumeAll
                0x0000000008000c94      0x1f8 ./Middleware/ThirdParty/FreeRTOS/Source/tasks.o
                0x0000000008000c94                xTaskResumeAll
 .text.xTaskIncrementTick
                0x0000000008000e8c      0x22c ./Middleware/ThirdParty/FreeRTOS/Source/tasks.o
                0x0000000008000e8c                xTaskIncrementTick
 .text.vTaskSwitchContext
                0x00000000080010b8       0xb8 ./Middleware/ThirdParty/FreeRTOS/Source/tasks.o
                0x00000000080010b8                vTaskSwitchContext
 .text.prvIdleTask
                0x0000000008001170       0x30 ./Middleware/ThirdParty/FreeRTOS/Source/tasks.o
 .text.prvInitialiseTaskLists
                0x00000000080011a0       0x80 ./Middleware/ThirdParty/FreeRTOS/Source/tasks.o
 .text.prvCheckTasksWaitingTermination
                0x0000000008001220       0x5c ./Middleware/ThirdParty/FreeRTOS/Source/tasks.o
 .text.prvDeleteTCB
                0x000000000800127c       0x20 ./Middleware/ThirdParty/FreeRTOS/Source/tasks.o
 .text.prvResetNextTaskUnblockTime
                0x000000000800129c       0x38 ./Middleware/ThirdParty/FreeRTOS/Source/tasks.o
 .text.pxPortInitialiseStack
                0x00000000080012d4       0x68 ./Middleware/ThirdParty/FreeRTOS/Source/portable/GCC/ARM_CM4F/port.o
                0x00000000080012d4                pxPortInitialiseStack
 .text.prvTaskExitError
                0x000000000800133c       0x58 ./Middleware/ThirdParty/FreeRTOS/Source/portable/GCC/ARM_CM4F/port.o
 *fill*         0x0000000008001394        0xc 
 .text.SVC_Handler
                0x00000000080013a0       0x28 ./Middleware/ThirdParty/FreeRTOS/Source/portable/GCC/ARM_CM4F/port.o
                0x00000000080013a0                SVC_Handler
 .text.prvPortStartFirstTask
                0x00000000080013c8       0x2c ./Middleware/ThirdParty/FreeRTOS/Source/portable/GCC/ARM_CM4F/port.o
 .text.xPortStartScheduler
                0x00000000080013f4      0x144 ./Middleware/ThirdParty/FreeRTOS/Source/portable/GCC/ARM_CM4F/port.o
                0x00000000080013f4                xPortStartScheduler
 .text.vPortEnterCritical
                0x0000000008001538       0x60 ./Middleware/ThirdParty/FreeRTOS/Source/portable/GCC/ARM_CM4F/port.o
                0x0000000008001538                vPortEnterCritical
 .text.vPortExitCritical
                0x0000000008001598       0x54 ./Middleware/ThirdParty/FreeRTOS/Source/portable/GCC/ARM_CM4F/port.o
                0x0000000008001598                vPortExitCritical
 *fill*         0x00000000080015ec        0x4 
 .text.PendSV_Handler
                0x00000000080015f0       0x68 ./Middleware/ThirdParty/FreeRTOS/Source/portable/GCC/ARM_CM4F/port.o
                0x00000000080015f0                PendSV_Handler
 .text.SysTick_Handler
                0x0000000008001658       0x44 ./Middleware/ThirdParty/FreeRTOS/Source/portable/GCC/ARM_CM4F/port.o
                0x0000000008001658                SysTick_Handler
 .text.vPortSetupTimerInterrupt
                0x000000000800169c       0x48 ./Middleware/ThirdParty/FreeRTOS/Source/portable/GCC/ARM_CM4F/port.o
                0x000000000800169c                vPortSetupTimerInterrupt
 .text.vPortEnableVFP
                0x00000000080016e4       0x18 ./Middleware/ThirdParty/FreeRTOS/Source/portable/GCC/ARM_CM4F/port.o
 .text.pvPortMalloc
                0x00000000080016fc      0x174 ./Middleware/ThirdParty/FreeRTOS/Source/portable/MemMang/heap_4.o
                0x00000000080016fc                pvPortMalloc
 .text.vPortFree
                0x0000000008001870       0xb8 ./Middleware/ThirdParty/FreeRTOS/Source/portable/MemMang/heap_4.o
                0x0000000008001870                vPortFree
 .text.prvHeapInit
                0x0000000008001928       0xb8 ./Middleware/ThirdParty/FreeRTOS/Source/portable/MemMang/heap_4.o
 .text.prvInsertBlockIntoFreeList
                0x00000000080019e0       0xb4 ./Middleware/ThirdParty/FreeRTOS/Source/portable/MemMang/heap_4.o
 .text.flash_config_wait_states
                0x0000000008001a94       0x5c ./Peripherals/Src/flash.o
                0x0000000008001a94                flash_config_wait_states
 .text.rcc_hse_enable
                0x0000000008001af0       0x30 ./Peripherals/Src/rcc.o
 .text.rcc_hsi_disable
                0x0000000008001b20       0x20 ./Peripherals/Src/rcc.o
 .text.rcc_pll_source
                0x0000000008001b40       0x30 ./Peripherals/Src/rcc.o
 .text.rcc_sysclk_get_source
                0x0000000008001b70       0x1c ./Peripherals/Src/rcc.o
 .text.rcc_pll_enable
                0x0000000008001b8c       0x30 ./Peripherals/Src/rcc.o
 .text.rcc_ahb_set_prescaler
                0x0000000008001bbc       0x30 ./Peripherals/Src/rcc.o
 .text.rcc_sysclk_set_source
                0x0000000008001bec       0x30 ./Peripherals/Src/rcc.o
 .text.rcc_apb1_set_prescaler
                0x0000000008001c1c       0x30 ./Peripherals/Src/rcc.o
 .text.rcc_apb2_set_prescaler
                0x0000000008001c4c       0x30 ./Peripherals/Src/rcc.o
 .text.rcc_get_pllp
                0x0000000008001c7c       0x48 ./Peripherals/Src/rcc.o
 .text.rcc_pll_config
                0x0000000008001cc4       0xa4 ./Peripherals/Src/rcc.o
 .text.rcc_init
                0x0000000008001d68       0x5e ./Peripherals/Src/rcc.o
                0x0000000008001d68                rcc_init
 *fill*         0x0000000008001dc6        0x2 
 .text.rcc_get_sysclk_freq
                0x0000000008001dc8      0x20c ./Peripherals/Src/rcc.o
                0x0000000008001dc8                rcc_get_sysclk_freq
 .text.rcc_get_hclk_freq
                0x0000000008001fd4       0x44 ./Peripherals/Src/rcc.o
                0x0000000008001fd4                rcc_get_hclk_freq
 .text.rcc_get_pclk1_freq
                0x0000000008002018       0x44 ./Peripherals/Src/rcc.o
                0x0000000008002018                rcc_get_pclk1_freq
 .text.rcc_get_pclk2_freq
                0x000000000800205c       0x44 ./Peripherals/Src/rcc.o
                0x000000000800205c                rcc_get_pclk2_freq
 .text.Reset_Handler
                0x00000000080020a0       0x50 ./Startup/startup_stm32f411vetx.o
                0x00000000080020a0                Reset_Handler
 .text.Default_Handler
                0x00000000080020f0        0x2 ./Startup/startup_stm32f411vetx.o
                0x00000000080020f0                RTC_Alarm_IRQHandler
                0x00000000080020f0                EXTI2_IRQHandler
                0x00000000080020f0                DebugMon_Handler
                0x00000000080020f0                SPI4_IRQHandler
                0x00000000080020f0                TIM1_CC_IRQHandler
                0x00000000080020f0                DMA2_Stream5_IRQHandler
                0x00000000080020f0                HardFault_Handler
                0x00000000080020f0                DMA1_Stream5_IRQHandler
                0x00000000080020f0                PVD_IRQHandler
                0x00000000080020f0                SDIO_IRQHandler
                0x00000000080020f0                TAMP_STAMP_IRQHandler
                0x00000000080020f0                NMI_Handler
                0x00000000080020f0                EXTI3_IRQHandler
                0x00000000080020f0                TIM1_UP_TIM10_IRQHandler
                0x00000000080020f0                I2C3_ER_IRQHandler
                0x00000000080020f0                EXTI0_IRQHandler
                0x00000000080020f0                I2C2_EV_IRQHandler
                0x00000000080020f0                DMA1_Stream2_IRQHandler
                0x00000000080020f0                UsageFault_Handler
                0x00000000080020f0                DMA2_Stream2_IRQHandler
                0x00000000080020f0                SPI1_IRQHandler
                0x00000000080020f0                TIM1_BRK_TIM9_IRQHandler
                0x00000000080020f0                DMA2_Stream3_IRQHandler
                0x00000000080020f0                USART6_IRQHandler
                0x00000000080020f0                DMA2_Stream0_IRQHandler
                0x00000000080020f0                TIM4_IRQHandler
                0x00000000080020f0                I2C1_EV_IRQHandler
                0x00000000080020f0                DMA1_Stream6_IRQHandler
                0x00000000080020f0                DMA1_Stream1_IRQHandler
                0x00000000080020f0                TIM3_IRQHandler
                0x00000000080020f0                RCC_IRQHandler
                0x00000000080020f0                Default_Handler
                0x00000000080020f0                EXTI15_10_IRQHandler
                0x00000000080020f0                ADC_IRQHandler
                0x00000000080020f0                DMA1_Stream7_IRQHandler
                0x00000000080020f0                SPI5_IRQHandler
                0x00000000080020f0                TIM5_IRQHandler
                0x00000000080020f0                DMA2_Stream7_IRQHandler
                0x00000000080020f0                I2C3_EV_IRQHandler
                0x00000000080020f0                EXTI9_5_IRQHandler
                0x00000000080020f0                RTC_WKUP_IRQHandler
                0x00000000080020f0                SPI2_IRQHandler
                0x00000000080020f0                MemManage_Handler
                0x00000000080020f0                DMA1_Stream0_IRQHandler
                0x00000000080020f0                EXTI4_IRQHandler
                0x00000000080020f0                WWDG_IRQHandler
                0x00000000080020f0                TIM2_IRQHandler
                0x00000000080020f0                OTG_FS_WKUP_IRQHandler
                0x00000000080020f0                TIM1_TRG_COM_TIM11_IRQHandler
                0x00000000080020f0                EXTI1_IRQHandler
                0x00000000080020f0                USART2_IRQHandler
                0x00000000080020f0                I2C2_ER_IRQHandler
                0x00000000080020f0                DMA2_Stream1_IRQHandler
                0x00000000080020f0                FLASH_IRQHandler
                0x00000000080020f0                DMA2_Stream4_IRQHandler
                0x00000000080020f0                BusFault_Handler
                0x00000000080020f0                USART1_IRQHandler
                0x00000000080020f0                OTG_FS_IRQHandler
                0x00000000080020f0                SPI3_IRQHandler
                0x00000000080020f0                DMA1_Stream4_IRQHandler
                0x00000000080020f0                I2C1_ER_IRQHandler
                0x00000000080020f0                DMA2_Stream6_IRQHandler
                0x00000000080020f0                DMA1_Stream3_IRQHandler
 .text.memset   0x00000000080020f2       0x10 C:/ST/STM32CubeIDE_1.13.2/STM32CubeIDE/plugins/com.st.stm32cube.ide.mcu.externaltools.gnu-tools-for-stm32.11.3.rel1.win32_1.1.1.202309131626/tools/bin/../lib/gcc/arm-none-eabi/11.3.1/../../../../arm-none-eabi/lib/thumb/v7e-m+fp/hard\libc_nano.a(libc_a-memset.o)
                0x00000000080020f2                memset
 *fill*         0x0000000008002102        0x2 
 .text.__libc_init_array
                0x0000000008002104       0x48 C:/ST/STM32CubeIDE_1.13.2/STM32CubeIDE/plugins/com.st.stm32cube.ide.mcu.externaltools.gnu-tools-for-stm32.11.3.rel1.win32_1.1.1.202309131626/tools/bin/../lib/gcc/arm-none-eabi/11.3.1/../../../../arm-none-eabi/lib/thumb/v7e-m+fp/hard\libc_nano.a(libc_a-init.o)
                0x0000000008002104                __libc_init_array
 *(.glue_7)
 .glue_7        0x000000000800214c        0x0 linker stubs
 *(.glue_7t)
 .glue_7t       0x000000000800214c        0x0 linker stubs
 *(.eh_frame)
 .eh_frame      0x000000000800214c        0x0 C:/ST/STM32CubeIDE_1.13.2/STM32CubeIDE/plugins/com.st.stm32cube.ide.mcu.externaltools.gnu-tools-for-stm32.11.3.rel1.win32_1.1.1.202309131626/tools/bin/../lib/gcc/arm-none-eabi/11.3.1/thumb/v7e-m+fp/hard/crtbegin.o
 *(.init)
 .init          0x000000000800214c        0x4 C:/ST/STM32CubeIDE_1.13.2/STM32CubeIDE/plugins/com.st.stm32cube.ide.mcu.externaltools.gnu-tools-for-stm32.11.3.rel1.win32_1.1.1.202309131626/tools/bin/../lib/gcc/arm-none-eabi/11.3.1/thumb/v7e-m+fp/hard/crti.o
                0x000000000800214c                _init
 .init          0x0000000008002150        0x8 C:/ST/STM32CubeIDE_1.13.2/STM32CubeIDE/plugins/com.st.stm32cube.ide.mcu.externaltools.gnu-tools-for-stm32.11.3.rel1.win32_1.1.1.202309131626/tools/bin/../lib/gcc/arm-none-eabi/11.3.1/thumb/v7e-m+fp/hard/crtn.o
 *(.fini)
 .fini          0x0000000008002158        0x4 C:/ST/STM32CubeIDE_1.13.2/STM32CubeIDE/plugins/com.st.stm32cube.ide.mcu.externaltools.gnu-tools-for-stm32.11.3.rel1.win32_1.1.1.202309131626/tools/bin/../lib/gcc/arm-none-eabi/11.3.1/thumb/v7e-m+fp/hard/crti.o
                0x0000000008002158                _fini
 .fini          0x000000000800215c        0x8 C:/ST/STM32CubeIDE_1.13.2/STM32CubeIDE/plugins/com.st.stm32cube.ide.mcu.externaltools.gnu-tools-for-stm32.11.3.rel1.win32_1.1.1.202309131626/tools/bin/../lib/gcc/arm-none-eabi/11.3.1/thumb/v7e-m+fp/hard/crtn.o
                0x0000000008002164                . = ALIGN (0x4)
                0x0000000008002164                _etext = .

.vfp11_veneer   0x0000000008002164        0x0
 .vfp11_veneer  0x0000000008002164        0x0 linker stubs

.v4_bx          0x0000000008002164        0x0
 .v4_bx         0x0000000008002164        0x0 linker stubs

.iplt           0x0000000008002164        0x0
 .iplt          0x0000000008002164        0x0 C:/ST/STM32CubeIDE_1.13.2/STM32CubeIDE/plugins/com.st.stm32cube.ide.mcu.externaltools.gnu-tools-for-stm32.11.3.rel1.win32_1.1.1.202309131626/tools/bin/../lib/gcc/arm-none-eabi/11.3.1/thumb/v7e-m+fp/hard/crtbegin.o

.rodata         0x0000000008002164       0x28
                0x0000000008002164                . = ALIGN (0x4)
 *(.rodata)
 .rodata        0x0000000008002164        0xd ./Core/Src/main.o
 *fill*         0x0000000008002171        0x3 
 .rodata        0x0000000008002174        0x5 ./Middleware/ThirdParty/FreeRTOS/Source/tasks.o
 *(.rodata*)
 *fill*         0x0000000008002179        0x3 
 .rodata.AHBPrescTable
                0x000000000800217c       0x10 ./Core/Src/system_stm32f4xx.o
                0x000000000800217c                AHBPrescTable
                0x000000000800218c                . = ALIGN (0x4)

.ARM.extab      0x000000000800218c        0x0
                0x000000000800218c                . = ALIGN (0x4)
 *(.ARM.extab* .gnu.linkonce.armextab.*)
                0x000000000800218c                . = ALIGN (0x4)

.ARM            0x000000000800218c        0x8
                0x000000000800218c                . = ALIGN (0x4)
                0x000000000800218c                __exidx_start = .
 *(.ARM.exidx*)
 .ARM.exidx     0x000000000800218c        0x8 C:/ST/STM32CubeIDE_1.13.2/STM32CubeIDE/plugins/com.st.stm32cube.ide.mcu.externaltools.gnu-tools-for-stm32.11.3.rel1.win32_1.1.1.202309131626/tools/bin/../lib/gcc/arm-none-eabi/11.3.1/thumb/v7e-m+fp/hard\libgcc.a(_udivmoddi4.o)
                0x0000000008002194                __exidx_end = .
                0x0000000008002194                . = ALIGN (0x4)

.rel.dyn        0x0000000008002194        0x0
 .rel.iplt      0x0000000008002194        0x0 C:/ST/STM32CubeIDE_1.13.2/STM32CubeIDE/plugins/com.st.stm32cube.ide.mcu.externaltools.gnu-tools-for-stm32.11.3.rel1.win32_1.1.1.202309131626/tools/bin/../lib/gcc/arm-none-eabi/11.3.1/thumb/v7e-m+fp/hard/crtbegin.o

.preinit_array  0x0000000008002194        0x0
                0x0000000008002194                . = ALIGN (0x4)
                0x0000000008002194                PROVIDE (__preinit_array_start = .)
 *(.preinit_array*)
                0x0000000008002194                PROVIDE (__preinit_array_end = .)
                0x0000000008002194                . = ALIGN (0x4)

.init_array     0x0000000008002194        0x4
                0x0000000008002194                . = ALIGN (0x4)
                0x0000000008002194                PROVIDE (__init_array_start = .)
 *(SORT_BY_NAME(.init_array.*))
 *(.init_array*)
 .init_array    0x0000000008002194        0x4 C:/ST/STM32CubeIDE_1.13.2/STM32CubeIDE/plugins/com.st.stm32cube.ide.mcu.externaltools.gnu-tools-for-stm32.11.3.rel1.win32_1.1.1.202309131626/tools/bin/../lib/gcc/arm-none-eabi/11.3.1/thumb/v7e-m+fp/hard/crtbegin.o
                0x0000000008002198                PROVIDE (__init_array_end = .)
                0x0000000008002198                . = ALIGN (0x4)

.fini_array     0x0000000008002198        0x4
                0x0000000008002198                . = ALIGN (0x4)
                [!provide]                        PROVIDE (__fini_array_start = .)
 *(SORT_BY_NAME(.fini_array.*))
 *(.fini_array*)
 .fini_array    0x0000000008002198        0x4 C:/ST/STM32CubeIDE_1.13.2/STM32CubeIDE/plugins/com.st.stm32cube.ide.mcu.externaltools.gnu-tools-for-stm32.11.3.rel1.win32_1.1.1.202309131626/tools/bin/../lib/gcc/arm-none-eabi/11.3.1/thumb/v7e-m+fp/hard/crtbegin.o
                [!provide]                        PROVIDE (__fini_array_end = .)
                0x000000000800219c                . = ALIGN (0x4)
                0x000000000800219c                _sidata = LOADADDR (.data)

.data           0x0000000020000000        0xc load address 0x000000000800219c
                0x0000000020000000                . = ALIGN (0x4)
                0x0000000020000000                _sdata = .
 *(.data)
 *(.data*)
 .data.SystemCoreClock
                0x0000000020000000        0x4 ./Core/Src/system_stm32f4xx.o
                0x0000000020000000                SystemCoreClock
 .data.uxTopUsedPriority
                0x0000000020000004        0x4 ./Middleware/ThirdParty/FreeRTOS/Source/tasks.o
                0x0000000020000004                uxTopUsedPriority
 .data.uxCriticalNesting
                0x0000000020000008        0x4 ./Middleware/ThirdParty/FreeRTOS/Source/portable/GCC/ARM_CM4F/port.o
 *(.RamFunc)
 *(.RamFunc*)
                0x000000002000000c                . = ALIGN (0x4)
                0x000000002000000c                _edata = .

.igot.plt       0x000000002000000c        0x0 load address 0x00000000080021a8
 .igot.plt      0x000000002000000c        0x0 C:/ST/STM32CubeIDE_1.13.2/STM32CubeIDE/plugins/com.st.stm32cube.ide.mcu.externaltools.gnu-tools-for-stm32.11.3.rel1.win32_1.1.1.202309131626/tools/bin/../lib/gcc/arm-none-eabi/11.3.1/thumb/v7e-m+fp/hard/crtbegin.o
                0x000000002000000c                . = ALIGN (0x4)

.bss            0x000000002000000c     0x3d6c load address 0x00000000080021a8
                0x000000002000000c                _sbss = .
                0x000000002000000c                __bss_start__ = _sbss
 *(.bss)
 .bss           0x000000002000000c       0x1c C:/ST/STM32CubeIDE_1.13.2/STM32CubeIDE/plugins/com.st.stm32cube.ide.mcu.externaltools.gnu-tools-for-stm32.11.3.rel1.win32_1.1.1.202309131626/tools/bin/../lib/gcc/arm-none-eabi/11.3.1/thumb/v7e-m+fp/hard/crtbegin.o
 *(.bss*)
 .bss.pxCurrentTCB
                0x0000000020000028        0x4 ./Middleware/ThirdParty/FreeRTOS/Source/tasks.o
                0x0000000020000028                pxCurrentTCB
 .bss.pxReadyTasksLists
                0x000000002000002c       0x8c ./Middleware/ThirdParty/FreeRTOS/Source/tasks.o
 .bss.xDelayedTaskList1
                0x00000000200000b8       0x14 ./Middleware/ThirdParty/FreeRTOS/Source/tasks.o
 .bss.xDelayedTaskList2
                0x00000000200000cc       0x14 ./Middleware/ThirdParty/FreeRTOS/Source/tasks.o
 .bss.pxDelayedTaskList
                0x00000000200000e0        0x4 ./Middleware/ThirdParty/FreeRTOS/Source/tasks.o
 .bss.pxOverflowDelayedTaskList
                0x00000000200000e4        0x4 ./Middleware/ThirdParty/FreeRTOS/Source/tasks.o
 .bss.xPendingReadyList
                0x00000000200000e8       0x14 ./Middleware/ThirdParty/FreeRTOS/Source/tasks.o
 .bss.xTasksWaitingTermination
                0x00000000200000fc       0x14 ./Middleware/ThirdParty/FreeRTOS/Source/tasks.o
 .bss.uxDeletedTasksWaitingCleanUp
                0x0000000020000110        0x4 ./Middleware/ThirdParty/FreeRTOS/Source/tasks.o
 .bss.xSuspendedTaskList
                0x0000000020000114       0x14 ./Middleware/ThirdParty/FreeRTOS/Source/tasks.o
 .bss.uxCurrentNumberOfTasks
                0x0000000020000128        0x4 ./Middleware/ThirdParty/FreeRTOS/Source/tasks.o
 .bss.xTickCount
                0x000000002000012c        0x4 ./Middleware/ThirdParty/FreeRTOS/Source/tasks.o
 .bss.uxTopReadyPriority
                0x0000000020000130        0x4 ./Middleware/ThirdParty/FreeRTOS/Source/tasks.o
 .bss.xSchedulerRunning
                0x0000000020000134        0x4 ./Middleware/ThirdParty/FreeRTOS/Source/tasks.o
 .bss.xPendedTicks
                0x0000000020000138        0x4 ./Middleware/ThirdParty/FreeRTOS/Source/tasks.o
 .bss.xYieldPending
                0x000000002000013c        0x4 ./Middleware/ThirdParty/FreeRTOS/Source/tasks.o
 .bss.xNumOfOverflows
                0x0000000020000140        0x4 ./Middleware/ThirdParty/FreeRTOS/Source/tasks.o
 .bss.uxTaskNumber
                0x0000000020000144        0x4 ./Middleware/ThirdParty/FreeRTOS/Source/tasks.o
 .bss.xNextTaskUnblockTime
                0x0000000020000148        0x4 ./Middleware/ThirdParty/FreeRTOS/Source/tasks.o
 .bss.xIdleTaskHandle
                0x000000002000014c        0x4 ./Middleware/ThirdParty/FreeRTOS/Source/tasks.o
 .bss.uxSchedulerSuspended
                0x0000000020000150        0x4 ./Middleware/ThirdParty/FreeRTOS/Source/tasks.o
 .bss.ucMaxSysCallPriority
                0x0000000020000154        0x1 ./Middleware/ThirdParty/FreeRTOS/Source/portable/GCC/ARM_CM4F/port.o
 *fill*         0x0000000020000155        0x3 
 .bss.ulMaxPRIGROUPValue
                0x0000000020000158        0x4 ./Middleware/ThirdParty/FreeRTOS/Source/portable/GCC/ARM_CM4F/port.o
 .bss.ucHeap    0x000000002000015c     0x3c00 ./Middleware/ThirdParty/FreeRTOS/Source/portable/MemMang/heap_4.o
 .bss.xStart    0x0000000020003d5c        0x8 ./Middleware/ThirdParty/FreeRTOS/Source/portable/MemMang/heap_4.o
 .bss.pxEnd     0x0000000020003d64        0x4 ./Middleware/ThirdParty/FreeRTOS/Source/portable/MemMang/heap_4.o
 .bss.xFreeBytesRemaining
                0x0000000020003d68        0x4 ./Middleware/ThirdParty/FreeRTOS/Source/portable/MemMang/heap_4.o
 .bss.xMinimumEverFreeBytesRemaining
                0x0000000020003d6c        0x4 ./Middleware/ThirdParty/FreeRTOS/Source/portable/MemMang/heap_4.o
 .bss.xNumberOfSuccessfulAllocations
                0x0000000020003d70        0x4 ./Middleware/ThirdParty/FreeRTOS/Source/portable/MemMang/heap_4.o
 .bss.xNumberOfSuccessfulFrees
                0x0000000020003d74        0x4 ./Middleware/ThirdParty/FreeRTOS/Source/portable/MemMang/heap_4.o
 *(COMMON)
                0x0000000020003d78                . = ALIGN (0x4)
                0x0000000020003d78                _ebss = .
                0x0000000020003d78                __bss_end__ = _ebss

._user_heap_stack
                0x0000000020003d78      0x600 load address 0x00000000080021a8
                0x0000000020003d78                . = ALIGN (0x8)
                [!provide]                        PROVIDE (end = .)
                0x0000000020003d78                PROVIDE (_end = .)
                0x0000000020003f78                . = (. + _Min_Heap_Size)
 *fill*         0x0000000020003d78      0x200 
                0x0000000020004378                . = (. + _Min_Stack_Size)
 *fill*         0x0000000020003f78      0x400 
                0x0000000020004378                . = ALIGN (0x8)

/DISCARD/
 libc.a(*)
 libm.a(*)
 libgcc.a(*)

.ARM.attributes
                0x0000000000000000       0x30
 *(.ARM.attributes)
 .ARM.attributes
                0x0000000000000000       0x1e C:/ST/STM32CubeIDE_1.13.2/STM32CubeIDE/plugins/com.st.stm32cube.ide.mcu.externaltools.gnu-tools-for-stm32.11.3.rel1.win32_1.1.1.202309131626/tools/bin/../lib/gcc/arm-none-eabi/11.3.1/thumb/v7e-m+fp/hard/crti.o
 .ARM.attributes
                0x000000000000001e       0x34 C:/ST/STM32CubeIDE_1.13.2/STM32CubeIDE/plugins/com.st.stm32cube.ide.mcu.externaltools.gnu-tools-for-stm32.11.3.rel1.win32_1.1.1.202309131626/tools/bin/../lib/gcc/arm-none-eabi/11.3.1/thumb/v7e-m+fp/hard/crtbegin.o
 .ARM.attributes
                0x0000000000000052       0x34 ./Core/Src/main.o
 .ARM.attributes
                0x0000000000000086       0x34 ./Core/Src/system_stm32f4xx.o
 .ARM.attributes
                0x00000000000000ba       0x34 ./Middleware/ThirdParty/FreeRTOS/Source/list.o
 .ARM.attributes
                0x00000000000000ee       0x34 ./Middleware/ThirdParty/FreeRTOS/Source/tasks.o
 .ARM.attributes
                0x0000000000000122       0x34 ./Middleware/ThirdParty/FreeRTOS/Source/portable/GCC/ARM_CM4F/port.o
 .ARM.attributes
                0x0000000000000156       0x34 ./Middleware/ThirdParty/FreeRTOS/Source/portable/MemMang/heap_4.o
 .ARM.attributes
                0x000000000000018a       0x34 ./Peripherals/Src/flash.o
 .ARM.attributes
                0x00000000000001be       0x34 ./Peripherals/Src/rcc.o
 .ARM.attributes
                0x00000000000001f2       0x21 ./Startup/startup_stm32f411vetx.o
 .ARM.attributes
                0x0000000000000213       0x34 C:/ST/STM32CubeIDE_1.13.2/STM32CubeIDE/plugins/com.st.stm32cube.ide.mcu.externaltools.gnu-tools-for-stm32.11.3.rel1.win32_1.1.1.202309131626/tools/bin/../lib/gcc/arm-none-eabi/11.3.1/../../../../arm-none-eabi/lib/thumb/v7e-m+fp/hard\libc_nano.a(libc_a-memset.o)
 .ARM.attributes
                0x0000000000000247       0x34 C:/ST/STM32CubeIDE_1.13.2/STM32CubeIDE/plugins/com.st.stm32cube.ide.mcu.externaltools.gnu-tools-for-stm32.11.3.rel1.win32_1.1.1.202309131626/tools/bin/../lib/gcc/arm-none-eabi/11.3.1/../../../../arm-none-eabi/lib/thumb/v7e-m+fp/hard\libc_nano.a(libc_a-init.o)
 .ARM.attributes
                0x000000000000027b       0x1e C:/ST/STM32CubeIDE_1.13.2/STM32CubeIDE/plugins/com.st.stm32cube.ide.mcu.externaltools.gnu-tools-for-stm32.11.3.rel1.win32_1.1.1.202309131626/tools/bin/../lib/gcc/arm-none-eabi/11.3.1/thumb/v7e-m+fp/hard\libgcc.a(_aeabi_uldivmod.o)
 .ARM.attributes
                0x0000000000000299       0x34 C:/ST/STM32CubeIDE_1.13.2/STM32CubeIDE/plugins/com.st.stm32cube.ide.mcu.externaltools.gnu-tools-for-stm32.11.3.rel1.win32_1.1.1.202309131626/tools/bin/../lib/gcc/arm-none-eabi/11.3.1/thumb/v7e-m+fp/hard\libgcc.a(_udivmoddi4.o)
 .ARM.attributes
                0x00000000000002cd       0x1e C:/ST/STM32CubeIDE_1.13.2/STM32CubeIDE/plugins/com.st.stm32cube.ide.mcu.externaltools.gnu-tools-for-stm32.11.3.rel1.win32_1.1.1.202309131626/tools/bin/../lib/gcc/arm-none-eabi/11.3.1/thumb/v7e-m+fp/hard\libgcc.a(_dvmd_tls.o)
 .ARM.attributes
                0x00000000000002eb       0x1e C:/ST/STM32CubeIDE_1.13.2/STM32CubeIDE/plugins/com.st.stm32cube.ide.mcu.externaltools.gnu-tools-for-stm32.11.3.rel1.win32_1.1.1.202309131626/tools/bin/../lib/gcc/arm-none-eabi/11.3.1/thumb/v7e-m+fp/hard/crtn.o
OUTPUT(rtos_project.elf elf32-littlearm)
LOAD linker stubs
LOAD C:/ST/STM32CubeIDE_1.13.2/STM32CubeIDE/plugins/com.st.stm32cube.ide.mcu.externaltools.gnu-tools-for-stm32.11.3.rel1.win32_1.1.1.202309131626/tools/bin/../lib/gcc/arm-none-eabi/11.3.1/../../../../arm-none-eabi/lib/thumb/v7e-m+fp/hard\libc.a
LOAD C:/ST/STM32CubeIDE_1.13.2/STM32CubeIDE/plugins/com.st.stm32cube.ide.mcu.externaltools.gnu-tools-for-stm32.11.3.rel1.win32_1.1.1.202309131626/tools/bin/../lib/gcc/arm-none-eabi/11.3.1/../../../../arm-none-eabi/lib/thumb/v7e-m+fp/hard\libm.a
LOAD C:/ST/STM32CubeIDE_1.13.2/STM32CubeIDE/plugins/com.st.stm32cube.ide.mcu.externaltools.gnu-tools-for-stm32.11.3.rel1.win32_1.1.1.202309131626/tools/bin/../lib/gcc/arm-none-eabi/11.3.1/thumb/v7e-m+fp/hard\libgcc.a

.comment        0x0000000000000000       0x43
 .comment       0x0000000000000000       0x43 C:/ST/STM32CubeIDE_1.13.2/STM32CubeIDE/plugins/com.st.stm32cube.ide.mcu.externaltools.gnu-tools-for-stm32.11.3.rel1.win32_1.1.1.202309131626/tools/bin/../lib/gcc/arm-none-eabi/11.3.1/thumb/v7e-m+fp/hard/crtbegin.o
                                         0x44 (size before relaxing)
 .comment       0x0000000000000043       0x44 ./Core/Src/main.o
 .comment       0x0000000000000043       0x44 ./Core/Src/system_stm32f4xx.o
 .comment       0x0000000000000043       0x44 ./Middleware/ThirdParty/FreeRTOS/Source/list.o
 .comment       0x0000000000000043       0x44 ./Middleware/ThirdParty/FreeRTOS/Source/tasks.o
 .comment       0x0000000000000043       0x44 ./Middleware/ThirdParty/FreeRTOS/Source/portable/GCC/ARM_CM4F/port.o
 .comment       0x0000000000000043       0x44 ./Middleware/ThirdParty/FreeRTOS/Source/portable/MemMang/heap_4.o
 .comment       0x0000000000000043       0x44 ./Peripherals/Src/flash.o
 .comment       0x0000000000000043       0x44 ./Peripherals/Src/rcc.o

.debug_info     0x0000000000000000     0x3e54
 .debug_info    0x0000000000000000      0x25c ./Core/Src/main.o
 .debug_info    0x000000000000025c      0x537 ./Core/Src/system_stm32f4xx.o
 .debug_info    0x0000000000000793      0x2af ./Middleware/ThirdParty/FreeRTOS/Source/list.o
 .debug_info    0x0000000000000a42     0x2387 ./Middleware/ThirdParty/FreeRTOS/Source/tasks.o
 .debug_info    0x0000000000002dc9      0x4e1 ./Middleware/ThirdParty/FreeRTOS/Source/portable/GCC/ARM_CM4F/port.o
 .debug_info    0x00000000000032aa      0x521 ./Middleware/ThirdParty/FreeRTOS/Source/portable/MemMang/heap_4.o
 .debug_info    0x00000000000037cb      0x13e ./Peripherals/Src/flash.o
 .debug_info    0x0000000000003909      0x528 ./Peripherals/Src/rcc.o
 .debug_info    0x0000000000003e31       0x23 ./Startup/startup_stm32f411vetx.o

.debug_abbrev   0x0000000000000000      0xe4b
 .debug_abbrev  0x0000000000000000      0x16c ./Core/Src/main.o
 .debug_abbrev  0x000000000000016c      0x11a ./Core/Src/system_stm32f4xx.o
 .debug_abbrev  0x0000000000000286       0xf5 ./Middleware/ThirdParty/FreeRTOS/Source/list.o
 .debug_abbrev  0x000000000000037b      0x369 ./Middleware/ThirdParty/FreeRTOS/Source/tasks.o
 .debug_abbrev  0x00000000000006e4      0x25a ./Middleware/ThirdParty/FreeRTOS/Source/portable/GCC/ARM_CM4F/port.o
 .debug_abbrev  0x000000000000093e      0x256 ./Middleware/ThirdParty/FreeRTOS/Source/portable/MemMang/heap_4.o
 .debug_abbrev  0x0000000000000b94       0xe5 ./Peripherals/Src/flash.o
 .debug_abbrev  0x0000000000000c79      0x1c0 ./Peripherals/Src/rcc.o
 .debug_abbrev  0x0000000000000e39       0x12 ./Startup/startup_stm32f411vetx.o

.debug_aranges  0x0000000000000000      0x448
 .debug_aranges
                0x0000000000000000       0x30 ./Core/Src/main.o
 .debug_aranges
                0x0000000000000030       0x28 ./Core/Src/system_stm32f4xx.o
 .debug_aranges
                0x0000000000000058       0x40 ./Middleware/ThirdParty/FreeRTOS/Source/list.o
 .debug_aranges
                0x0000000000000098      0x1f0 ./Middleware/ThirdParty/FreeRTOS/Source/tasks.o
 .debug_aranges
                0x0000000000000288       0x80 ./Middleware/ThirdParty/FreeRTOS/Source/portable/GCC/ARM_CM4F/port.o
 .debug_aranges
                0x0000000000000308       0x60 ./Middleware/ThirdParty/FreeRTOS/Source/portable/MemMang/heap_4.o
 .debug_aranges
                0x0000000000000368       0x20 ./Peripherals/Src/flash.o
 .debug_aranges
                0x0000000000000388       0x98 ./Peripherals/Src/rcc.o
 .debug_aranges
                0x0000000000000420       0x28 ./Startup/startup_stm32f411vetx.o

.debug_rnglists
                0x0000000000000000      0x332
 .debug_rnglists
                0x0000000000000000       0x1f ./Core/Src/main.o
 .debug_rnglists
                0x000000000000001f       0x1a ./Core/Src/system_stm32f4xx.o
 .debug_rnglists
                0x0000000000000039       0x2b ./Middleware/ThirdParty/FreeRTOS/Source/list.o
 .debug_rnglists
                0x0000000000000064      0x18e ./Middleware/ThirdParty/FreeRTOS/Source/tasks.o
 .debug_rnglists
                0x00000000000001f2       0x5d ./Middleware/ThirdParty/FreeRTOS/Source/portable/GCC/ARM_CM4F/port.o
 .debug_rnglists
                0x000000000000024f       0x48 ./Middleware/ThirdParty/FreeRTOS/Source/portable/MemMang/heap_4.o
 .debug_rnglists
                0x0000000000000297       0x13 ./Peripherals/Src/flash.o
 .debug_rnglists
                0x00000000000002aa       0x6f ./Peripherals/Src/rcc.o
 .debug_rnglists
                0x0000000000000319       0x19 ./Startup/startup_stm32f411vetx.o

.debug_macro    0x0000000000000000     0xf4b9
 .debug_macro   0x0000000000000000      0x171 ./Core/Src/main.o
 .debug_macro   0x0000000000000171      0xaa2 ./Core/Src/main.o
 .debug_macro   0x0000000000000c13       0x2e ./Core/Src/main.o
 .debug_macro   0x0000000000000c41       0x28 ./Core/Src/main.o
 .debug_macro   0x0000000000000c69       0x22 ./Core/Src/main.o
 .debug_macro   0x0000000000000c8b       0x8e ./Core/Src/main.o
 .debug_macro   0x0000000000000d19       0x51 ./Core/Src/main.o
 .debug_macro   0x0000000000000d6a      0x103 ./Core/Src/main.o
 .debug_macro   0x0000000000000e6d       0x6a ./Core/Src/main.o
 .debug_macro   0x0000000000000ed7      0x1df ./Core/Src/main.o
 .debug_macro   0x00000000000010b6       0x1c ./Core/Src/main.o
 .debug_macro   0x00000000000010d2       0x22 ./Core/Src/main.o
 .debug_macro   0x00000000000010f4       0xfb ./Core/Src/main.o
 .debug_macro   0x00000000000011ef     0x1011 ./Core/Src/main.o
 .debug_macro   0x0000000000002200      0x11f ./Core/Src/main.o
 .debug_macro   0x000000000000231f     0xb953 ./Core/Src/main.o
 .debug_macro   0x000000000000dc72       0x6d ./Core/Src/main.o
 .debug_macro   0x000000000000dcdf       0x22 ./Core/Src/main.o
 .debug_macro   0x000000000000dd01       0xd8 ./Core/Src/main.o
 .debug_macro   0x000000000000ddd9      0x11b ./Core/Src/main.o
 .debug_macro   0x000000000000def4      0x174 ./Core/Src/main.o
 .debug_macro   0x000000000000e068      0x15a ./Core/Src/main.o
 .debug_macro   0x000000000000e1c2       0xea ./Core/Src/main.o
 .debug_macro   0x000000000000e2ac       0x28 ./Core/Src/main.o
 .debug_macro   0x000000000000e2d4       0x1f ./Core/Src/main.o
 .debug_macro   0x000000000000e2f3       0x12 ./Core/Src/main.o
 .debug_macro   0x000000000000e305      0x518 ./Core/Src/main.o
 .debug_macro   0x000000000000e81d       0xc3 ./Core/Src/main.o
 .debug_macro   0x000000000000e8e0      0x120 ./Core/Src/main.o
 .debug_macro   0x000000000000ea00       0x10 ./Core/Src/main.o
 .debug_macro   0x000000000000ea10       0xe0 ./Core/Src/system_stm32f4xx.o
 .debug_macro   0x000000000000eaf0      0x198 ./Middleware/ThirdParty/FreeRTOS/Source/list.o
 .debug_macro   0x000000000000ec88      0x27e ./Middleware/ThirdParty/FreeRTOS/Source/tasks.o
 .debug_macro   0x000000000000ef06       0x17 ./Middleware/ThirdParty/FreeRTOS/Source/tasks.o
 .debug_macro   0x000000000000ef1d      0x1a7 ./Middleware/ThirdParty/FreeRTOS/Source/portable/GCC/ARM_CM4F/port.o
 .debug_macro   0x000000000000f0c4      0x219 ./Middleware/ThirdParty/FreeRTOS/Source/portable/MemMang/heap_4.o
 .debug_macro   0x000000000000f2dd       0xe2 ./Peripherals/Src/flash.o
 .debug_macro   0x000000000000f3bf       0xfa ./Peripherals/Src/rcc.o

.debug_line     0x0000000000000000     0x55e9
 .debug_line    0x0000000000000000      0x787 ./Core/Src/main.o
 .debug_line    0x0000000000000787      0x5c4 ./Core/Src/system_stm32f4xx.o
 .debug_line    0x0000000000000d4b      0x820 ./Middleware/ThirdParty/FreeRTOS/Source/list.o
 .debug_line    0x000000000000156b     0x1e27 ./Middleware/ThirdParty/FreeRTOS/Source/tasks.o
 .debug_line    0x0000000000003392      0x8f9 ./Middleware/ThirdParty/FreeRTOS/Source/portable/GCC/ARM_CM4F/port.o
 .debug_line    0x0000000000003c8b      0xaa1 ./Middleware/ThirdParty/FreeRTOS/Source/portable/MemMang/heap_4.o
 .debug_line    0x000000000000472c      0x5b3 ./Peripherals/Src/flash.o
 .debug_line    0x0000000000004cdf      0x88f ./Peripherals/Src/rcc.o
 .debug_line    0x000000000000556e       0x7b ./Startup/startup_stm32f411vetx.o

.debug_str      0x0000000000000000    0x5b813
 .debug_str     0x0000000000000000    0x5552c ./Core/Src/main.o
                                      0x55746 (size before relaxing)
 .debug_str     0x000000000005552c      0x225 ./Core/Src/system_stm32f4xx.o
                                      0x4ff31 (size before relaxing)
 .debug_str     0x0000000000055751     0x3367 ./Middleware/ThirdParty/FreeRTOS/Source/list.o
                                       0xb0d1 (size before relaxing)
 .debug_str     0x0000000000058ab8     0x1d83 ./Middleware/ThirdParty/FreeRTOS/Source/tasks.o
                                       0xe1a7 (size before relaxing)
 .debug_str     0x000000000005a83b      0x7e8 ./Middleware/ThirdParty/FreeRTOS/Source/portable/GCC/ARM_CM4F/port.o
                                       0x9918 (size before relaxing)
 .debug_str     0x000000000005b023      0x5f2 ./Middleware/ThirdParty/FreeRTOS/Source/portable/MemMang/heap_4.o
                                       0xc8fb (size before relaxing)
 .debug_str     0x000000000005b615       0x6d ./Peripherals/Src/flash.o
                                      0x4fd75 (size before relaxing)
 .debug_str     0x000000000005b682      0x162 ./Peripherals/Src/rcc.o
                                      0x505cd (size before relaxing)
 .debug_str     0x000000000005b7e4       0x2f ./Startup/startup_stm32f411vetx.o
                                         0x6a (size before relaxing)

.debug_frame    0x0000000000000000     0x106c
 .debug_frame   0x0000000000000000       0x78 ./Core/Src/main.o
 .debug_frame   0x0000000000000078       0x58 ./Core/Src/system_stm32f4xx.o
 .debug_frame   0x00000000000000d0       0xd8 ./Middleware/ThirdParty/FreeRTOS/Source/list.o
 .debug_frame   0x00000000000001a8      0x884 ./Middleware/ThirdParty/FreeRTOS/Source/tasks.o
 .debug_frame   0x0000000000000a2c      0x1a8 ./Middleware/ThirdParty/FreeRTOS/Source/portable/GCC/ARM_CM4F/port.o
 .debug_frame   0x0000000000000bd4      0x150 ./Middleware/ThirdParty/FreeRTOS/Source/portable/MemMang/heap_4.o
 .debug_frame   0x0000000000000d24       0x38 ./Peripherals/Src/flash.o
 .debug_frame   0x0000000000000d5c      0x264 ./Peripherals/Src/rcc.o
 .debug_frame   0x0000000000000fc0       0x20 C:/ST/STM32CubeIDE_1.13.2/STM32CubeIDE/plugins/com.st.stm32cube.ide.mcu.externaltools.gnu-tools-for-stm32.11.3.rel1.win32_1.1.1.202309131626/tools/bin/../lib/gcc/arm-none-eabi/11.3.1/../../../../arm-none-eabi/lib/thumb/v7e-m+fp/hard\libc_nano.a(libc_a-memset.o)
 .debug_frame   0x0000000000000fe0       0x2c C:/ST/STM32CubeIDE_1.13.2/STM32CubeIDE/plugins/com.st.stm32cube.ide.mcu.externaltools.gnu-tools-for-stm32.11.3.rel1.win32_1.1.1.202309131626/tools/bin/../lib/gcc/arm-none-eabi/11.3.1/../../../../arm-none-eabi/lib/thumb/v7e-m+fp/hard\libc_nano.a(libc_a-init.o)
 .debug_frame   0x000000000000100c       0x2c C:/ST/STM32CubeIDE_1.13.2/STM32CubeIDE/plugins/com.st.stm32cube.ide.mcu.externaltools.gnu-tools-for-stm32.11.3.rel1.win32_1.1.1.202309131626/tools/bin/../lib/gcc/arm-none-eabi/11.3.1/thumb/v7e-m+fp/hard\libgcc.a(_aeabi_uldivmod.o)
 .debug_frame   0x0000000000001038       0x34 C:/ST/STM32CubeIDE_1.13.2/STM32CubeIDE/plugins/com.st.stm32cube.ide.mcu.externaltools.gnu-tools-for-stm32.11.3.rel1.win32_1.1.1.202309131626/tools/bin/../lib/gcc/arm-none-eabi/11.3.1/thumb/v7e-m+fp/hard\libgcc.a(_udivmoddi4.o)

.debug_line_str
                0x0000000000000000       0x5e
 .debug_line_str
                0x0000000000000000       0x5e ./Startup/startup_stm32f411vetx.o
                                         0x76 (size before relaxing)
